
━━━━━━━━━━━━━━━━━━━━━━━━━━━━━━━━━━━━━━━━━━━━━━━━
  🤖 JARVIS AUTOMATE v3 — 2026-06-03 14:00
━━━━━━━━━━━━━━━━━━━━━━━━━━━━━━━━━━━━━━━━━━━━━━━━

━━━━━━━━━━━━━━━━━━━━━━━━━━━━━━━━━━━━━━━━━━━━━━━━
  📬 STEP 0/5: Checking for replies
━━━━━━━━━━━━━━━━━━━━━━━━━━━━━━━━━━━━━━━━━━━━━━━━
Traceback (most recent call last):
  File "/root/.openclaw/workspace/scripts/viora-outreach/reply-checker.py", line 234, in <module>
    main()
  File "/root/.openclaw/workspace/scripts/viora-outreach/reply-checker.py", line 126, in main
    service = get_gmail_service()
              ^^^^^^^^^^^^^^^^^^^
  File "/root/.openclaw/workspace/scripts/viora-outreach/reply-checker.py", line 63, in get_gmail_service
    creds.refresh(Request())
  File "/usr/local/lib/python3.12/dist-packages/google/oauth2/credentials.py", line 412, in refresh
    ) = reauth.refresh_grant(
        ^^^^^^^^^^^^^^^^^^^^^
  File "/usr/local/lib/python3.12/dist-packages/google/oauth2/reauth.py", line 370, in refresh_grant
    _client._handle_error_response(response_data, retryable_error)
  File "/usr/local/lib/python3.12/dist-packages/google/oauth2/_client.py", line 69, in _handle_error_response
    raise exceptions.RefreshError(
google.auth.exceptions.RefreshError: ('invalid_grant: Bad Request', {'error': 'invalid_grant', 'error_description': 'Bad Request'})

━━━━━━━━━━━━━━━━━━━━━━━━━━━━━━━━━━━━━━━━━━━━━━━━
  📍 STEP 1/5: Scraping fresh leads (auto-rotate)
━━━━━━━━━━━━━━━━━━━━━━━━━━━━━━━━━━━━━━━━━━━━━━━━
2026-06-03 14:00:05,033 🔄 Auto-rotation day 154: barbershop in Dallas, TX
2026-06-03 14:00:05,034 
🔍 Searching: barbershop in Dallas, TX
2026-06-03 14:00:05,225 API error: REQUEST_DENIED — You must enable Billing on the Google Cloud Project at https://console.cloud.google.com/project/_/billing/enable Learn more at https://developers.google.com/maps/gmp-get-started
2026-06-03 14:00:06,228 
==================================================
2026-06-03 14:00:06,229 ✅ Scraping complete
2026-06-03 14:00:06,229    Total found:  0
2026-06-03 14:00:06,229    New leads:    0
2026-06-03 14:00:06,229    Duplicates:   0
2026-06-03 14:00:06,236    DB total:     1521 leads (1322 with emails)
2026-06-03 14:00:06,236 ==================================================


━━━━━━━━━━━━━━━━━━━━━━━━━━━━━━━━━━━━━━━━━━━━━━━━
  🔍 STEP 2/5: Finding emails
━━━━━━━━━━━━━━━━━━━━━━━━━━━━━━━━━━━━━━━━━━━━━━━━
2026-06-03 14:00:06,710 🔍 Finding emails for 47 leads...
2026-06-03 14:00:07,279 Hunter.io rate limited — pausing 60s
2026-06-03 14:01:07,657 🔮 Guessed: info@essence-medspa.com — Essence Medspa & Wellness Center
2026-06-03 14:01:08,533 Hunter.io rate limited — pausing 60s
2026-06-03 14:02:08,851 🔮 Guessed: info@theonespachicago.com — The One Spa Chicago
2026-06-03 14:02:09,569 Hunter.io rate limited — pausing 60s
2026-06-03 14:03:09,901 🔮 Guessed: info@lume-wellness.com — Lume
2026-06-03 14:03:10,813 Hunter.io rate limited — pausing 60s
2026-06-03 14:04:11,042 🔮 Guessed: info@luxuramedspa.com — Luxura Med Spa Lakeview
2026-06-03 14:04:11,918 Hunter.io rate limited — pausing 60s
2026-06-03 14:05:12,285 🔮 Guessed: info@shotbar.net — Shot Bar MedSpa
2026-06-03 14:05:13,160 Hunter.io rate limited — pausing 60s
2026-06-03 14:06:13,563 🔮 Guessed: info@elitechicagospa.com — Elite Chicago Spa
2026-06-03 14:06:14,277 Hunter.io rate limited — pausing 60s
2026-06-03 14:07:14,639 🔮 Guessed: info@thefitzmed.com — The Fitz Aesthetic Club
2026-06-03 14:07:15,543 Hunter.io rate limited — pausing 60s
2026-06-03 14:08:15,900 🔮 Guessed: info@house22.com — HOUSE22 Med Spa in Chicago
2026-06-03 14:08:16,622 Hunter.io rate limited — pausing 60s
2026-06-03 14:09:16,999 🔮 Guessed: info@ethosmedicalspa.com — Ethos MedSpa Chicago
2026-06-03 14:09:17,859 Hunter.io rate limited — pausing 60s
2026-06-03 14:10:18,206 🔮 Guessed: info@elase.com — Elase Med Spa
2026-06-03 14:10:18,952 Hunter.io rate limited — pausing 60s
2026-06-03 14:11:19,350 🔮 Guessed: info@beautifychi.com — Beautify CHI Medspa
2026-06-03 14:11:20,211 Hunter.io rate limited — pausing 60s
2026-06-03 14:12:20,595 🔮 Guessed: info@premiermedspachicago.com — Premier Med Spa
2026-06-03 14:12:21,463 Hunter.io rate limited — pausing 60s
2026-06-03 14:13:21,984 🔮 Guessed: info@opulencechicago.com — Opulence Chicago
2026-06-03 14:13:22,945 Hunter.io rate limited — pausing 60s
2026-06-03 14:14:23,285 🔮 Guessed: info@soluxmedspa.com — SOLUX Med Spa
2026-06-03 14:14:23,982 Hunter.io rate limited — pausing 60s
2026-06-03 14:15:24,328 🔮 Guessed: info@vitahlchicago.com — VITAHL Medical Aesthetics
2026-06-03 14:15:25,045 Hunter.io rate limited — pausing 60s
2026-06-03 14:16:25,411 🔮 Guessed: info@aesthetica-med.com — Aesthetica by Dr. Adam
2026-06-03 14:16:26,248 Hunter.io rate limited — pausing 60s
2026-06-03 14:17:26,743 🔮 Guessed: info@chicagomedspa.com — Chicago Medspa
2026-06-03 14:17:27,597 Hunter.io rate limited — pausing 60s
2026-06-03 14:18:27,976 🔮 Guessed: info@northwesternmedspa.com — Northwestern Med Spa
2026-06-03 14:18:28,673 Hunter.io rate limited — pausing 60s
2026-06-03 14:19:29,007 🔮 Guessed: info@demimedspa.com — DEMI Med Spa
2026-06-03 14:19:29,842 Hunter.io rate limited — pausing 60s
2026-06-03 14:20:30,421 🔮 Guessed: info@rnmedspa.com — River North Wellness and Med Spa
2026-06-03 14:20:31,146 Hunter.io rate limited — pausing 60s
2026-06-03 14:21:31,616 🔮 Guessed: info@optimal-wellness-beauty.com — Optimal Wellness & Beauty
2026-06-03 14:21:32,450 Hunter.io rate limited — pausing 60s
2026-06-03 14:22:32,824 🔮 Guessed: info@newimageworks.com — New Image Works
2026-06-03 14:22:33,730 Hunter.io rate limited — pausing 60s
2026-06-03 14:23:34,117 🔮 Guessed: info@solvemedspa.com — Solve Med Spa Chicago
2026-06-03 14:23:34,622 
==================================================
2026-06-03 14:23:34,622 ✅ Email finder complete
2026-06-03 14:23:34,622    API found:  0
2026-06-03 14:23:34,622    Guessed:    23
2026-06-03 14:23:34,622    Total:      23
2026-06-03 14:23:34,623 ==================================================


━━━━━━━━━━━━━━━━━━━━━━━━━━━━━━━━━━━━━━━━━━━━━━━━
  📧 STEP 3/5: Sending cold emails
━━━━━━━━━━━━━━━━━━━━━━━━━━━━━━━━━━━━━━━━━━━━━━━━

━━━━━━━━━━━━━━━━━━━━━━━━━━━━━━━━━━━━━━━━━━━━━━━━
  💼 STEP 4/5: Generating LinkedIn DM queue
━━━━━━━━━━━━━━━━━━━━━━━━━━━━━━━━━━━━━━━━━━━━━━━━

✅ LinkedIn queue: 20 messages
📄 Backup: /root/.openclaw/workspace/scripts/viora-outreach/output/linkedin_queue_2026-06-03.txt
⚠️  No DISCORD_WEBHOOK set — skipping Discord post

━━━━━━━━━━━━━━━━━━━━━━━━━━━━━━━━━━━━━━━━━━━━━━━━
  📊 STEP 5/5: Daily report
━━━━━━━━━━━━━━━━━━━━━━━━━━━━━━━━━━━━━━━━━━━━━━━━
**📊 VIORA REPORT — Wed Jun 03** (Day 0)

**📋 YOUR TODO:**
1️⃣ Check calendar for demo calls

**📧 Today:** 0 emails sent · 0 LinkedIn DMs
**📊 Funnel:** 1521 leads → 55 contacted → 0 replied (0.0%) → 0 demos → 0 closed

**💰 MRR:** $0/mo [░░░░░░░░░░] 0% of $20k
Need **58** more clients @ $350/mo

⚠️  Set DISCORD_WEBHOOK in .env for Discord reports

━━━━━━━━━━━━━━━━━━━━━━━━━━━━━━━━━━━━━━━━━━━━━━━━
  ✅ JARVIS AUTOMATE v3 COMPLETE — Wed Jun  3 14:23:35 UTC 2026
━━━━━━━━━━━━━━━━━━━━━━━━━━━━━━━━━━━━━━━━━━━━━━━━

Your only jobs today:
  1. Check email for replies (especially positive ones!)
  2. Send LinkedIn DMs from: /root/.openclaw/workspace/scripts/viora-outreach/output/
  3. Show up to demo calls and close

📄 Full log: /root/.openclaw/workspace/scripts/viora-outreach/logs/automate_2026-06-03.log
