
━━━━━━━━━━━━━━━━━━━━━━━━━━━━━━━━━━━━━━━━━━━━━━━━
  🤖 JARVIS AUTOMATE v3 — 2026-06-04 14:00
━━━━━━━━━━━━━━━━━━━━━━━━━━━━━━━━━━━━━━━━━━━━━━━━

━━━━━━━━━━━━━━━━━━━━━━━━━━━━━━━━━━━━━━━━━━━━━━━━
  📬 STEP 0/5: Checking for replies
━━━━━━━━━━━━━━━━━━━━━━━━━━━━━━━━━━━━━━━━━━━━━━━━
Traceback (most recent call last):
  File "/root/.openclaw/workspace/scripts/viora-outreach/reply-checker.py", line 234, in <module>
    main()
  File "/root/.openclaw/workspace/scripts/viora-outreach/reply-checker.py", line 126, in main
    service = get_gmail_service()
              ^^^^^^^^^^^^^^^^^^^
  File "/root/.openclaw/workspace/scripts/viora-outreach/reply-checker.py", line 63, in get_gmail_service
    creds.refresh(Request())
  File "/usr/local/lib/python3.12/dist-packages/google/oauth2/credentials.py", line 412, in refresh
    ) = reauth.refresh_grant(
        ^^^^^^^^^^^^^^^^^^^^^
  File "/usr/local/lib/python3.12/dist-packages/google/oauth2/reauth.py", line 370, in refresh_grant
    _client._handle_error_response(response_data, retryable_error)
  File "/usr/local/lib/python3.12/dist-packages/google/oauth2/_client.py", line 69, in _handle_error_response
    raise exceptions.RefreshError(
google.auth.exceptions.RefreshError: ('invalid_grant: Bad Request', {'error': 'invalid_grant', 'error_description': 'Bad Request'})

━━━━━━━━━━━━━━━━━━━━━━━━━━━━━━━━━━━━━━━━━━━━━━━━
  📍 STEP 1/5: Scraping fresh leads (auto-rotate)
━━━━━━━━━━━━━━━━━━━━━━━━━━━━━━━━━━━━━━━━━━━━━━━━
2026-06-04 14:00:04,425 🔄 Auto-rotation day 155: beauty salon in San Antonio, TX
2026-06-04 14:00:04,426 
🔍 Searching: beauty salon in San Antonio, TX
2026-06-04 14:00:04,619 API error: REQUEST_DENIED — You must enable Billing on the Google Cloud Project at https://console.cloud.google.com/project/_/billing/enable Learn more at https://developers.google.com/maps/gmp-get-started
2026-06-04 14:00:05,622 
==================================================
2026-06-04 14:00:05,623 ✅ Scraping complete
2026-06-04 14:00:05,623    Total found:  0
2026-06-04 14:00:05,623    New leads:    0
2026-06-04 14:00:05,623    Duplicates:   0
2026-06-04 14:00:05,631    DB total:     1521 leads (1345 with emails)
2026-06-04 14:00:05,631 ==================================================


━━━━━━━━━━━━━━━━━━━━━━━━━━━━━━━━━━━━━━━━━━━━━━━━
  🔍 STEP 2/5: Finding emails
━━━━━━━━━━━━━━━━━━━━━━━━━━━━━━━━━━━━━━━━━━━━━━━━
2026-06-04 14:00:06,037 🔍 Finding emails for 24 leads...
2026-06-04 14:00:06,038 
==================================================
2026-06-04 14:00:06,038 ✅ Email finder complete
2026-06-04 14:00:06,038    API found:  0
2026-06-04 14:00:06,038    Guessed:    0
2026-06-04 14:00:06,038    Total:      0
2026-06-04 14:00:06,038 ==================================================


━━━━━━━━━━━━━━━━━━━━━━━━━━━━━━━━━━━━━━━━━━━━━━━━
  📧 STEP 3/5: Sending cold emails
━━━━━━━━━━━━━━━━━━━━━━━━━━━━━━━━━━━━━━━━━━━━━━━━

━━━━━━━━━━━━━━━━━━━━━━━━━━━━━━━━━━━━━━━━━━━━━━━━
  💼 STEP 4/5: Generating LinkedIn DM queue
━━━━━━━━━━━━━━━━━━━━━━━━━━━━━━━━━━━━━━━━━━━━━━━━

✅ LinkedIn queue: 20 messages
📄 Backup: /root/.openclaw/workspace/scripts/viora-outreach/output/linkedin_queue_2026-06-04.txt
⚠️  No DISCORD_WEBHOOK set — skipping Discord post

━━━━━━━━━━━━━━━━━━━━━━━━━━━━━━━━━━━━━━━━━━━━━━━━
  📊 STEP 5/5: Daily report
━━━━━━━━━━━━━━━━━━━━━━━━━━━━━━━━━━━━━━━━━━━━━━━━
**📊 VIORA REPORT — Thu Jun 04** (Day 0)

**📋 YOUR TODO:**
1️⃣ Check calendar for demo calls

**📧 Today:** 0 emails sent · 0 LinkedIn DMs
**📊 Funnel:** 1521 leads → 55 contacted → 0 replied (0.0%) → 0 demos → 0 closed

**💰 MRR:** $0/mo [░░░░░░░░░░] 0% of $20k
Need **58** more clients @ $350/mo

⚠️  Set DISCORD_WEBHOOK in .env for Discord reports

━━━━━━━━━━━━━━━━━━━━━━━━━━━━━━━━━━━━━━━━━━━━━━━━
  ✅ JARVIS AUTOMATE v3 COMPLETE — Thu Jun  4 14:00:06 UTC 2026
━━━━━━━━━━━━━━━━━━━━━━━━━━━━━━━━━━━━━━━━━━━━━━━━

Your only jobs today:
  1. Check email for replies (especially positive ones!)
  2. Send LinkedIn DMs from: /root/.openclaw/workspace/scripts/viora-outreach/output/
  3. Show up to demo calls and close

📄 Full log: /root/.openclaw/workspace/scripts/viora-outreach/logs/automate_2026-06-04.log
