
━━━━━━━━━━━━━━━━━━━━━━━━━━━━━━━━━━━━━━━━━━━━━━━━
  🤖 JARVIS AUTOMATE v3 — 2026-05-28 14:00
━━━━━━━━━━━━━━━━━━━━━━━━━━━━━━━━━━━━━━━━━━━━━━━━

━━━━━━━━━━━━━━━━━━━━━━━━━━━━━━━━━━━━━━━━━━━━━━━━
  📬 STEP 0/5: Checking for replies
━━━━━━━━━━━━━━━━━━━━━━━━━━━━━━━━━━━━━━━━━━━━━━━━
Traceback (most recent call last):
  File "/root/.openclaw/workspace/scripts/viora-outreach/reply-checker.py", line 234, in <module>
    main()
  File "/root/.openclaw/workspace/scripts/viora-outreach/reply-checker.py", line 126, in main
    service = get_gmail_service()
              ^^^^^^^^^^^^^^^^^^^
  File "/root/.openclaw/workspace/scripts/viora-outreach/reply-checker.py", line 63, in get_gmail_service
    creds.refresh(Request())
  File "/usr/local/lib/python3.12/dist-packages/google/oauth2/credentials.py", line 412, in refresh
    ) = reauth.refresh_grant(
        ^^^^^^^^^^^^^^^^^^^^^
  File "/usr/local/lib/python3.12/dist-packages/google/oauth2/reauth.py", line 370, in refresh_grant
    _client._handle_error_response(response_data, retryable_error)
  File "/usr/local/lib/python3.12/dist-packages/google/oauth2/_client.py", line 69, in _handle_error_response
    raise exceptions.RefreshError(
google.auth.exceptions.RefreshError: ('invalid_grant: Bad Request', {'error': 'invalid_grant', 'error_description': 'Bad Request'})

━━━━━━━━━━━━━━━━━━━━━━━━━━━━━━━━━━━━━━━━━━━━━━━━
  📍 STEP 1/5: Scraping fresh leads (auto-rotate)
━━━━━━━━━━━━━━━━━━━━━━━━━━━━━━━━━━━━━━━━━━━━━━━━
2026-05-28 14:00:05,656 🔄 Auto-rotation day 148: HVAC contractor in Raleigh, NC
2026-05-28 14:00:05,657 
🔍 Searching: HVAC contractor in Raleigh, NC
2026-05-28 14:00:05,835 API error: REQUEST_DENIED — You must enable Billing on the Google Cloud Project at https://console.cloud.google.com/project/_/billing/enable Learn more at https://developers.google.com/maps/gmp-get-started
2026-05-28 14:00:06,836 
==================================================
2026-05-28 14:00:06,837 ✅ Scraping complete
2026-05-28 14:00:06,837    Total found:  0
2026-05-28 14:00:06,837    New leads:    0
2026-05-28 14:00:06,837    Duplicates:   0
2026-05-28 14:00:06,844    DB total:     1521 leads (1217 with emails)
2026-05-28 14:00:06,844 ==================================================


━━━━━━━━━━━━━━━━━━━━━━━━━━━━━━━━━━━━━━━━━━━━━━━━
  🔍 STEP 2/5: Finding emails
━━━━━━━━━━━━━━━━━━━━━━━━━━━━━━━━━━━━━━━━━━━━━━━━
2026-05-28 14:00:07,127 🔍 Finding emails for 50 leads...
2026-05-28 14:00:08,244 🔮 Guessed: info@venetiansalon.com — Venetian Nail Spa
2026-05-28 14:00:09,230 🔮 Guessed: info@omninailsmiami.com — Omni Nails and Lash Lounge
2026-05-28 14:00:10,296 🔮 Guessed: info@nailboxmiami.com — NailBox Miami
2026-05-28 14:00:11,066 🔮 Guessed: info@biscaynenailandbeautybar.com — Biscayne Nail and Beauty Bar
2026-05-28 14:00:11,828 🔮 Guessed: info@dabeautybars.com — DA Beauty Bar
2026-05-28 14:00:12,699 🔮 Guessed: info@mysite.vagaro.com — TINA BEAUTY MIAMI LLC
2026-05-28 14:00:13,598 🔮 Guessed: info@ostentabeautyconcept.com — Ostenta Beauty Concept Edgewater - Nails, Lashes & Facials
2026-05-28 14:00:14,444 🔮 Guessed: info@n1220447.alteg.io — LUV BEAUTY CLUB
2026-05-28 14:00:15,179 🔮 Guessed: info@skynailsofsouthbeach.com — Sky Nails & Spa of South Beach
2026-05-28 14:00:15,969 🔮 Guessed: info@miranailbarsalon.com — Mira Nail Bar
2026-05-28 14:00:17,292 ✅ Hunter found: neal@beacons.ai (score: 96) — Joka Studio
2026-05-28 14:00:18,034 🔮 Guessed: info@theglowgloss.com — The Glow Gloss
2026-05-28 14:00:18,863 🔮 Guessed: info@nailspamiamiwellnesscenter.zoca.com — NailSpa Miami Wellness Center (All Nails, Lashes, Facials, HeadSpa, Body Waxing, Hair, Stem Cell & More.)
2026-05-28 14:00:19,689 🔮 Guessed: info@tinanailsmiami.net — TINA NAILS
2026-05-28 14:00:20,438 🔮 Guessed: info@gnailbarmiami.com — G-Nail Bar
2026-05-28 14:00:21,222 🔮 Guessed: info@book.heygoldie.com — Sin nails no hay paraíso
2026-05-28 14:00:21,991 🔮 Guessed: info@nailsandcobeauty.com — Salon Nails & Co. Miami Midtown
2026-05-28 14:00:22,741 🔮 Guessed: info@nynailsglam.com — NEW YORK NAILS GLAM II
2026-05-28 14:00:23,588 🔮 Guessed: info@cecispahairandnails.com — Ceci Spa Hair Nails River Landing
2026-05-28 14:00:24,430 🔮 Guessed: info@nailculturewynwood.com — Nail Culture Wynwood
2026-05-28 14:00:25,303 🔮 Guessed: info@jcspanailsmiami.com — J C Nails (J C Spa Nails)
2026-05-28 14:00:26,043 🔮 Guessed: info@surynailart.com — Sury Nail Art
2026-05-28 14:00:27,043 ✅ Hunter found: alex.vlad@fresha.com (score: 94) — Miami Nail Artist
2026-05-28 14:00:27,794 🔮 Guessed: info@amandisnailspa.com — Amandis Nail Spa
2026-05-28 14:00:28,540 🔮 Guessed: info@nailsco.salonist.io — Nails & Co.
2026-05-28 14:00:29,333 🔮 Guessed: info@powderroombeauty.square.site — The Powder Room Beauty Salon
2026-05-28 14:00:30,094 🔮 Guessed: info@irissthetics.square.site — IRISSTHETICS
2026-05-28 14:00:30,600 
==================================================
2026-05-28 14:00:30,601 ✅ Email finder complete
2026-05-28 14:00:30,601    API found:  2
2026-05-28 14:00:30,601    Guessed:    25
2026-05-28 14:00:30,601    Total:      27
2026-05-28 14:00:30,601 ==================================================


━━━━━━━━━━━━━━━━━━━━━━━━━━━━━━━━━━━━━━━━━━━━━━━━
  📧 STEP 3/5: Sending cold emails
━━━━━━━━━━━━━━━━━━━━━━━━━━━━━━━━━━━━━━━━━━━━━━━━

━━━━━━━━━━━━━━━━━━━━━━━━━━━━━━━━━━━━━━━━━━━━━━━━
  💼 STEP 4/5: Generating LinkedIn DM queue
━━━━━━━━━━━━━━━━━━━━━━━━━━━━━━━━━━━━━━━━━━━━━━━━

✅ LinkedIn queue: 20 messages
📄 Backup: /root/.openclaw/workspace/scripts/viora-outreach/output/linkedin_queue_2026-05-28.txt
⚠️  No DISCORD_WEBHOOK set — skipping Discord post

━━━━━━━━━━━━━━━━━━━━━━━━━━━━━━━━━━━━━━━━━━━━━━━━
  📊 STEP 5/5: Daily report
━━━━━━━━━━━━━━━━━━━━━━━━━━━━━━━━━━━━━━━━━━━━━━━━
**📊 VIORA REPORT — Thu May 28** (Day 0)

**📋 YOUR TODO:**
1️⃣ Check calendar for demo calls

**📧 Today:** 0 emails sent · 0 LinkedIn DMs
**📊 Funnel:** 1521 leads → 55 contacted → 0 replied (0.0%) → 0 demos → 0 closed

**💰 MRR:** $0/mo [░░░░░░░░░░] 0% of $20k
Need **58** more clients @ $350/mo

⚠️  Set DISCORD_WEBHOOK in .env for Discord reports

━━━━━━━━━━━━━━━━━━━━━━━━━━━━━━━━━━━━━━━━━━━━━━━━
  ✅ JARVIS AUTOMATE v3 COMPLETE — Thu May 28 14:00:31 UTC 2026
━━━━━━━━━━━━━━━━━━━━━━━━━━━━━━━━━━━━━━━━━━━━━━━━

Your only jobs today:
  1. Check email for replies (especially positive ones!)
  2. Send LinkedIn DMs from: /root/.openclaw/workspace/scripts/viora-outreach/output/
  3. Show up to demo calls and close

📄 Full log: /root/.openclaw/workspace/scripts/viora-outreach/logs/automate_2026-05-28.log
