
━━━━━━━━━━━━━━━━━━━━━━━━━━━━━━━━━━━━━━━━━━━━━━━━
  🤖 JARVIS AUTOMATE v3 — 2026-05-25 14:00
━━━━━━━━━━━━━━━━━━━━━━━━━━━━━━━━━━━━━━━━━━━━━━━━

━━━━━━━━━━━━━━━━━━━━━━━━━━━━━━━━━━━━━━━━━━━━━━━━
  📬 STEP 0/5: Checking for replies
━━━━━━━━━━━━━━━━━━━━━━━━━━━━━━━━━━━━━━━━━━━━━━━━
Traceback (most recent call last):
  File "/root/.openclaw/workspace/scripts/viora-outreach/reply-checker.py", line 234, in <module>
    main()
  File "/root/.openclaw/workspace/scripts/viora-outreach/reply-checker.py", line 126, in main
    service = get_gmail_service()
              ^^^^^^^^^^^^^^^^^^^
  File "/root/.openclaw/workspace/scripts/viora-outreach/reply-checker.py", line 63, in get_gmail_service
    creds.refresh(Request())
  File "/usr/local/lib/python3.12/dist-packages/google/oauth2/credentials.py", line 412, in refresh
    ) = reauth.refresh_grant(
        ^^^^^^^^^^^^^^^^^^^^^
  File "/usr/local/lib/python3.12/dist-packages/google/oauth2/reauth.py", line 370, in refresh_grant
    _client._handle_error_response(response_data, retryable_error)
  File "/usr/local/lib/python3.12/dist-packages/google/oauth2/_client.py", line 69, in _handle_error_response
    raise exceptions.RefreshError(
google.auth.exceptions.RefreshError: ('invalid_grant: Bad Request', {'error': 'invalid_grant', 'error_description': 'Bad Request'})

━━━━━━━━━━━━━━━━━━━━━━━━━━━━━━━━━━━━━━━━━━━━━━━━
  📍 STEP 1/5: Scraping fresh leads (auto-rotate)
━━━━━━━━━━━━━━━━━━━━━━━━━━━━━━━━━━━━━━━━━━━━━━━━
2026-05-25 14:00:04,799 🔄 Auto-rotation day 145: law office in Minneapolis, MN
2026-05-25 14:00:04,800 
🔍 Searching: law office in Minneapolis, MN
2026-05-25 14:00:05,130 API error: REQUEST_DENIED — You must enable Billing on the Google Cloud Project at https://console.cloud.google.com/project/_/billing/enable Learn more at https://developers.google.com/maps/gmp-get-started
2026-05-25 14:00:06,132 
==================================================
2026-05-25 14:00:06,132 ✅ Scraping complete
2026-05-25 14:00:06,132    Total found:  0
2026-05-25 14:00:06,132    New leads:    0
2026-05-25 14:00:06,132    Duplicates:   0
2026-05-25 14:00:06,139    DB total:     1521 leads (1133 with emails)
2026-05-25 14:00:06,139 ==================================================


━━━━━━━━━━━━━━━━━━━━━━━━━━━━━━━━━━━━━━━━━━━━━━━━
  🔍 STEP 2/5: Finding emails
━━━━━━━━━━━━━━━━━━━━━━━━━━━━━━━━━━━━━━━━━━━━━━━━
2026-05-25 14:00:06,628 🔍 Finding emails for 50 leads...
2026-05-25 14:00:07,307 🔮 Guessed: info@tattoshopsnearme.com — Delta 9 Tattoo Co
2026-05-25 14:00:08,370 🔮 Guessed: info@themandalaeffect.my.canva.site — The Mandala Effect
2026-05-25 14:00:09,546 🔮 Guessed: info@seattlegreenmaids.com — Maid Service Seattle
2026-05-25 14:00:10,613 🔮 Guessed: info@thacleaning.com — THA House Cleaning Seattle
2026-05-25 14:00:11,807 ✅ Hunter found: kara@susansgreencleaning.com (score: 99) — Susan's Green Cleaning
2026-05-25 14:00:12,726 ✅ Hunter found: logan@dazzlecompany.com (score: 98) — The Dazzle Cleaning Company
2026-05-25 14:00:13,556 🔮 Guessed: info@ladonnascleaningseattle.com — Ladonna's Cleaning Service
2026-05-25 14:00:14,298 🔮 Guessed: info@seattlesimplyclean.com — Simply Clean
2026-05-25 14:00:15,189 ✅ Hunter found: walber@queenannecleaning.com (score: 66) — Queen Anne Cleaning Services
2026-05-25 14:00:15,976 ✅ Hunter found: logan@dazzlecompany.com (score: 98) — The Dazzle Cleaning Company
2026-05-25 14:00:16,811 ✅ Hunter found: april@aprillanescleaning.com (score: 68) — April Lane's Home Cleaning
2026-05-25 14:00:17,618 ✅ Hunter found: donte@hometress.com (score: 99) — Hometress Cleaning Service LLC
2026-05-25 14:00:18,515 🔮 Guessed: info@cleanupguys.com — The Cleanup Guys
2026-05-25 14:00:19,275 🔮 Guessed: info@greencleaningseattle.com — Green Cleaning Seattle - Otium-Maid Services
2026-05-25 14:00:20,045 🔮 Guessed: info@meekascleaningservicesllc.com — Meekas cleaning services llc
2026-05-25 14:00:20,840 🔮 Guessed: info@seattlesimplyclean.com — Simply Clean
2026-05-25 14:00:21,611 🔮 Guessed: info@cleaning-wa.com — A&K House Cleaning
2026-05-25 14:00:22,451 🔮 Guessed: info@seattlecarpetcleaners.com — Power Pup Clean
2026-05-25 14:00:23,305 🔮 Guessed: info@cleaninginseattlevladiolga.com — Vladimir & Olga Cleaning Service
2026-05-25 14:00:24,178 🔮 Guessed: info@magicmaid.cleaning — Magic Maid | House Cleaning Services
2026-05-25 14:00:25,102 🔮 Guessed: info@magicleanseattle.com — MagiClean Cleaning Services
2026-05-25 14:00:25,862 🔮 Guessed: info@crystalpanes.com — Crystal Panes Window and Gutter Cleaning
2026-05-25 14:00:26,706 🔮 Guessed: info@keliancleaningwa.com — Kelian - Cleaning Services
2026-05-25 14:00:27,523 🔮 Guessed: info@seattlehousecleaners.com — Seattle House Cleaners
2026-05-25 14:00:28,302 🔮 Guessed: info@westseattlewindowcleaner.com — Seattle Window Cleaners
2026-05-25 14:00:29,146 🔮 Guessed: info@cosmos-cleaning.com — Cosmos Cleaning
2026-05-25 14:00:29,972 🔮 Guessed: info@shineseattle.com — Shine Seattle LLC - Airbnb Cleaning and House Cleaning
2026-05-25 14:00:30,729 🔮 Guessed: info@locations.acceptance.com — Acceptance Insurance
2026-05-25 14:00:31,238 
==================================================
2026-05-25 14:00:31,238 ✅ Email finder complete
2026-05-25 14:00:31,238    API found:  6
2026-05-25 14:00:31,238    Guessed:    22
2026-05-25 14:00:31,238    Total:      28
2026-05-25 14:00:31,238 ==================================================


━━━━━━━━━━━━━━━━━━━━━━━━━━━━━━━━━━━━━━━━━━━━━━━━
  📧 STEP 3/5: Sending cold emails
━━━━━━━━━━━━━━━━━━━━━━━━━━━━━━━━━━━━━━━━━━━━━━━━

━━━━━━━━━━━━━━━━━━━━━━━━━━━━━━━━━━━━━━━━━━━━━━━━
  💼 STEP 4/5: Generating LinkedIn DM queue
━━━━━━━━━━━━━━━━━━━━━━━━━━━━━━━━━━━━━━━━━━━━━━━━

✅ LinkedIn queue: 20 messages
📄 Backup: /root/.openclaw/workspace/scripts/viora-outreach/output/linkedin_queue_2026-05-25.txt
⚠️  No DISCORD_WEBHOOK set — skipping Discord post

━━━━━━━━━━━━━━━━━━━━━━━━━━━━━━━━━━━━━━━━━━━━━━━━
  📊 STEP 5/5: Daily report
━━━━━━━━━━━━━━━━━━━━━━━━━━━━━━━━━━━━━━━━━━━━━━━━
**📊 VIORA REPORT — Mon May 25** (Day 0)

**📋 YOUR TODO:**
1️⃣ Check calendar for demo calls

**📧 Today:** 0 emails sent · 0 LinkedIn DMs
**📊 Funnel:** 1521 leads → 55 contacted → 0 replied (0.0%) → 0 demos → 0 closed

**💰 MRR:** $0/mo [░░░░░░░░░░] 0% of $20k
Need **58** more clients @ $350/mo

⚠️  Set DISCORD_WEBHOOK in .env for Discord reports

━━━━━━━━━━━━━━━━━━━━━━━━━━━━━━━━━━━━━━━━━━━━━━━━
  ✅ JARVIS AUTOMATE v3 COMPLETE — Mon May 25 14:00:31 UTC 2026
━━━━━━━━━━━━━━━━━━━━━━━━━━━━━━━━━━━━━━━━━━━━━━━━

Your only jobs today:
  1. Check email for replies (especially positive ones!)
  2. Send LinkedIn DMs from: /root/.openclaw/workspace/scripts/viora-outreach/output/
  3. Show up to demo calls and close

📄 Full log: /root/.openclaw/workspace/scripts/viora-outreach/logs/automate_2026-05-25.log
