2026-06-02 14:00:06,168 🔍 Finding emails for 50 leads...
2026-06-02 14:00:08,412 🔮 Guessed: info@atlantacurves.com — ATLANTA CURVES THERAPEUTIC MASSAGE
2026-06-02 14:00:09,358 ✅ Hunter found: kharel@dvidaspa.com (score: 94) — Dvida Spa | Med Spa Services 60654
2026-06-02 14:00:10,467 🔮 Guessed: info@hmedicalspa.com — H Med Spa
2026-06-02 14:00:11,422 ✅ Hunter found: pure@puremedicalspa.us (score: 74) — Pure Med Spa
2026-06-02 14:00:12,363 ✅ Hunter found: andrea@spaderma.com (score: 99) — SpaDerma
2026-06-02 14:00:13,265 ✅ Hunter found: laurence.humphries@viomedspa.com (score: 99) — VIO Med Spa | Chicago
2026-06-02 14:00:14,286 🔮 Guessed: info@vivalamedspa.com — Viva La Med Spa-Old Town
2026-06-02 14:00:15,165 🔮 Guessed: info@bettermedspa.com — Better Med Spa & Wellness
2026-06-02 14:00:16,049 🔮 Guessed: info@luxuramedspa.com — Luxura Med Spa
2026-06-02 14:00:17,037 ✅ Hunter found: oldt@oldtownmedspa.com (score: 60) — Old Town Med Spa (Lincoln Park)
2026-06-02 14:00:17,982 ✅ Hunter found: samantha@naturalbeautymedspa.com (score: 99) — Natural Beauty Med Spa- Chicago
2026-06-02 14:00:18,828 ✅ Hunter found: oldt@oldtownmedspa.com (score: 60) — Old Town Med Spa
2026-06-02 14:00:19,754 🔮 Guessed: info@expressmedspas.com — Express Med Spa Chicago, Mount Greenwood
2026-06-02 14:00:20,650 🔮 Guessed: info@cadellaaesthetics.com — Cadella Aesthetics
2026-06-02 14:00:21,539 ✅ Hunter found: lindsay@innovative-medspa.com (score: 99) — Innovative MedSpa
2026-06-02 14:00:22,431 Hunter.io rate limited — pausing 60s
2026-06-02 14:01:22,831 🔮 Guessed: info@olivomedspa.com — Olivo Med Spa
2026-06-02 14:01:23,745 Hunter.io rate limited — pausing 60s
2026-06-02 14:02:24,178 🔮 Guessed: info@dermablissmedspa.com — Derma Bliss Medical Spa
2026-06-02 14:02:25,008 Hunter.io rate limited — pausing 60s
2026-06-02 14:03:29,916 🔮 Guessed: info@elysiumchicago.com — Elysium Aesthetics + Longevity
2026-06-02 14:03:36,559 Hunter.io rate limited — pausing 60s
2026-06-02 14:04:37,179 🔮 Guessed: info@latenightmedspa.com — Late Night Medspa, Chicago
2026-06-02 14:04:37,892 Hunter.io rate limited — pausing 60s
2026-06-02 14:05:38,293 🔮 Guessed: info@refinebytulsi.com — Refine by Tulsi Med Spa
2026-06-02 14:05:39,204 Hunter.io rate limited — pausing 60s
2026-06-02 14:06:39,571 🔮 Guessed: info@agelessmedspa.com — Ageless MedSpa
2026-06-02 14:06:40,288 Hunter.io rate limited — pausing 60s
2026-06-02 14:07:40,709 🔮 Guessed: info@ovme.com — OVME
2026-06-02 14:07:41,591 Hunter.io rate limited — pausing 60s
2026-06-02 14:08:41,965 🔮 Guessed: info@innovative-medspa.com — Innovative MedSpa
2026-06-02 14:08:42,920 Hunter.io rate limited — pausing 60s
2026-06-02 14:09:43,254 🔮 Guessed: info@goldcoastmedspa.com — GOLDCOAST medspa
2026-06-02 14:09:44,082 Hunter.io rate limited — pausing 60s
2026-06-02 14:10:44,680 🔮 Guessed: info@tresjoliemedicalspa.com — Tres Jolie Medical Spa and Wellness Center
2026-06-02 14:10:45,581 Hunter.io rate limited — pausing 60s
2026-06-02 14:11:45,938 🔮 Guessed: info@northwesternplastics.com — Northwestern Med Spa River North
2026-06-02 14:11:46,443 
==================================================
2026-06-02 14:11:46,444 ✅ Email finder complete
2026-06-02 14:11:46,444    API found:  8
2026-06-02 14:11:46,444    Guessed:    18
2026-06-02 14:11:46,444    Total:      26
2026-06-02 14:11:46,444 ==================================================

