2026-05-22 14:00:07,150 🔍 Finding emails for 50 leads...
2026-05-22 14:00:07,758 Hunter.io rate limited — pausing 60s
2026-05-22 14:01:08,190 🔮 Guessed: info@tattoshopsnearme.com — Delta 9 Tattoo Co
2026-05-22 14:01:08,970 Hunter.io rate limited — pausing 60s
2026-05-22 14:02:09,355 🔮 Guessed: info@themandalaeffect.my.canva.site — The Mandala Effect
2026-05-22 14:02:10,050 Hunter.io rate limited — pausing 60s
2026-05-22 14:03:10,429 🔮 Guessed: info@seattlegreenmaids.com — Maid Service Seattle
2026-05-22 14:03:11,339 Hunter.io rate limited — pausing 60s
2026-05-22 14:04:11,712 🔮 Guessed: info@thacleaning.com — THA House Cleaning Seattle
2026-05-22 14:04:12,588 Hunter.io rate limited — pausing 60s
2026-05-22 14:05:13,042 🔮 Guessed: info@susansgreencleaning.com — Susan's Green Cleaning
2026-05-22 14:05:13,839 Hunter.io rate limited — pausing 60s
2026-05-22 14:06:14,210 🔮 Guessed: info@dazzlecompany.com — The Dazzle Cleaning Company
2026-05-22 14:06:14,932 Hunter.io rate limited — pausing 60s
2026-05-22 14:07:15,322 🔮 Guessed: info@ladonnascleaningseattle.com — Ladonna's Cleaning Service
2026-05-22 14:07:16,182 Hunter.io rate limited — pausing 60s
2026-05-22 14:08:16,523 🔮 Guessed: info@seattlesimplyclean.com — Simply Clean
2026-05-22 14:08:17,256 Hunter.io rate limited — pausing 60s
2026-05-22 14:09:17,589 🔮 Guessed: info@queenannecleaning.com — Queen Anne Cleaning Services
2026-05-22 14:09:18,325 Hunter.io rate limited — pausing 60s
2026-05-22 14:10:18,681 🔮 Guessed: info@dazzlecompany.com — The Dazzle Cleaning Company
2026-05-22 14:10:19,376 Hunter.io rate limited — pausing 60s
2026-05-22 14:11:19,741 🔮 Guessed: info@aprillanescleaning.com — April Lane's Home Cleaning
2026-05-22 14:11:20,573 Hunter.io rate limited — pausing 60s
2026-05-22 14:12:20,987 🔮 Guessed: info@hometress.com — Hometress Cleaning Service LLC
2026-05-22 14:12:21,863 Hunter.io rate limited — pausing 60s
2026-05-22 14:13:22,239 🔮 Guessed: info@cleanupguys.com — The Cleanup Guys
2026-05-22 14:13:22,933 Hunter.io rate limited — pausing 60s
2026-05-22 14:14:23,272 🔮 Guessed: info@greencleaningseattle.com — Green Cleaning Seattle - Otium-Maid Services
2026-05-22 14:14:24,120 Hunter.io rate limited — pausing 60s
2026-05-22 14:15:24,544 🔮 Guessed: info@meekascleaningservicesllc.com — Meekas cleaning services llc
2026-05-22 14:15:25,426 Hunter.io rate limited — pausing 60s
2026-05-22 14:16:25,801 🔮 Guessed: info@seattlesimplyclean.com — Simply Clean
2026-05-22 14:16:26,678 Hunter.io rate limited — pausing 60s
2026-05-22 14:17:27,034 🔮 Guessed: info@cleaning-wa.com — A&K House Cleaning
2026-05-22 14:17:27,914 Hunter.io rate limited — pausing 60s
2026-05-22 14:18:28,287 🔮 Guessed: info@seattlecarpetcleaners.com — Power Pup Clean
2026-05-22 14:18:29,182 Hunter.io rate limited — pausing 60s
2026-05-22 14:19:29,556 🔮 Guessed: info@cleaninginseattlevladiolga.com — Vladimir & Olga Cleaning Service
2026-05-22 14:19:30,408 Hunter.io rate limited — pausing 60s
2026-05-22 14:20:30,820 🔮 Guessed: info@magicmaid.cleaning — Magic Maid | House Cleaning Services
2026-05-22 14:20:31,689 Hunter.io rate limited — pausing 60s
2026-05-22 14:21:32,019 🔮 Guessed: info@magicleanseattle.com — MagiClean Cleaning Services
2026-05-22 14:21:32,704 Hunter.io rate limited — pausing 60s
2026-05-22 14:22:33,054 🔮 Guessed: info@crystalpanes.com — Crystal Panes Window and Gutter Cleaning
2026-05-22 14:22:33,911 Hunter.io rate limited — pausing 60s
2026-05-22 14:23:34,292 🔮 Guessed: info@keliancleaningwa.com — Kelian - Cleaning Services
2026-05-22 14:23:35,168 Hunter.io rate limited — pausing 60s
2026-05-22 14:24:35,504 🔮 Guessed: info@seattlehousecleaners.com — Seattle House Cleaners
2026-05-22 14:24:36,363 Hunter.io rate limited — pausing 60s
2026-05-22 14:25:36,766 🔮 Guessed: info@westseattlewindowcleaner.com — Seattle Window Cleaners
2026-05-22 14:25:37,586 Hunter.io rate limited — pausing 60s
2026-05-22 14:26:37,956 🔮 Guessed: info@cosmos-cleaning.com — Cosmos Cleaning
2026-05-22 14:26:38,826 Hunter.io rate limited — pausing 60s
2026-05-22 14:27:39,198 🔮 Guessed: info@shineseattle.com — Shine Seattle LLC - Airbnb Cleaning and House Cleaning
2026-05-22 14:27:40,074 Hunter.io rate limited — pausing 60s
2026-05-22 14:28:40,409 🔮 Guessed: info@locations.acceptance.com — Acceptance Insurance
2026-05-22 14:28:40,915 
==================================================
2026-05-22 14:28:40,915 ✅ Email finder complete
2026-05-22 14:28:40,915    API found:  0
2026-05-22 14:28:40,915    Guessed:    28
2026-05-22 14:28:40,915    Total:      28
2026-05-22 14:28:40,915 ==================================================

