2026-06-01 14:00:07,167 🔍 Finding emails for 50 leads...
2026-06-01 14:00:07,863 🔮 Guessed: info@celestialspa.com — Celestial Spa
2026-06-01 14:00:08,776 🔮 Guessed: info@vayuspa.com — Vayu Spa: Massage & Wellness
2026-06-01 14:00:09,696 🔮 Guessed: info@spaatserenbe.com — Spa At Serenbe
2026-06-01 14:00:10,807 🔮 Guessed: info@therosefinchspa.com — The Rosefinch Spa
2026-06-01 14:00:11,733 ✅ Hunter found: meagan.graham@thewhitleyhotel.com (score: 98) — The Whitley Spa, Atlanta Buckhead
2026-06-01 14:00:12,513 🔮 Guessed: info@lehua-spa.com — LeHua Spa
2026-06-01 14:00:13,266 🔮 Guessed: info@velourmensspa.com — Velour Men's Spa
2026-06-01 14:00:14,062 🔮 Guessed: info@silkspa-atl.com — Silk Spa
2026-06-01 14:00:14,978 ✅ Hunter found: amy.french@loewshotels.com (score: 94) — Loews Atlanta Hotel
2026-06-01 14:00:15,749 🔮 Guessed: info@theartoftouchmassage.com — The Art of Touch Therapeutic Massage Center
2026-06-01 14:00:16,543 ✅ Hunter found: ctharp@spasydell.com (score: 99) — Spa Sydell Integrative Aesthetics
2026-06-01 14:00:17,475 ✅ Hunter found: rhonda.perry@naturalbody.com (score: 93) — Natural Body Spa | Snellville
2026-06-01 14:00:18,276 🔮 Guessed: info@thowmedspa.org — The House of Wellness Med Spa
2026-06-01 14:00:19,024 🔮 Guessed: info@healthyselfatl.com — Heal Thyself Atlanta
2026-06-01 14:00:19,814 ✅ Hunter found: amy@aviarybeauty.com (score: 99) — Aviary Beauty + Wellness Summerhill
2026-06-01 14:00:20,598 🔮 Guessed: info@findyourspacespa.com — Find Your Space The Ultimate Spa
2026-06-01 14:00:21,398 🔮 Guessed: info@tbkwellness.com — TBK WELLNESS SPA
2026-06-01 14:00:22,180 ✅ Hunter found: george.lewis@thestarling.com (score: 99) — Spa at The Starling
2026-06-01 14:00:23,100 ✅ Hunter found: rhonda.perry@naturalbody.com (score: 93) — Natural Body Spa + Med Spa | Alpharetta
2026-06-01 14:00:23,910 ✅ Hunter found: holly@facefoundrie.com (score: 94) — FACE FOUNDRIÉ - Atlanta West Midtown
2026-06-01 14:00:24,699 🔮 Guessed: info@lumivita.com — BLUE Med Center & Spa
2026-06-01 14:00:25,748 ✅ Hunter found: beverly.union@marriott.com (score: 85) — The St. Regis Atlanta
2026-06-01 14:00:26,539 ✅ Hunter found: anna@flo2s.com (score: 66) — FLO2S
2026-06-01 14:00:27,369 ✅ Hunter found: melody@styleseat.com (score: 97) — Graceful Glow Spa
2026-06-01 14:00:28,117 🔮 Guessed: info@locations.massageenvy.com — Massage Envy
2026-06-01 14:00:28,834 🔮 Guessed: info@rebalancespaa.com — Rebalance Spa
2026-06-01 14:00:29,353 
==================================================
2026-06-01 14:00:29,354 ✅ Email finder complete
2026-06-01 14:00:29,354    API found:  11
2026-06-01 14:00:29,354    Guessed:    15
2026-06-01 14:00:29,354    Total:      26
2026-06-01 14:00:29,354 ==================================================

