2026-05-26 14:00:07,456 🔍 Finding emails for 50 leads...
2026-05-26 14:00:08,271 ✅ Hunter found: mbell@robinsins.com (score: 94) — Robins Insurance Agency, Inc.
2026-05-26 14:00:09,579 🔮 Guessed: info@valenciainsurance.net — Valencia Insurance
2026-05-26 14:00:10,788 ✅ Hunter found: bbayliss@firstacceptance.com (score: 99) — First Acceptance Insurance
2026-05-26 14:00:11,621 🔮 Guessed: info@locations.acceptance.com — Acceptance Insurance
2026-05-26 14:00:12,495 🔮 Guessed: info@locations.acceptance.com — Acceptance Insurance
2026-05-26 14:00:13,368 ✅ Hunter found: dstuart@swinsurancegroup.com (score: 97) — Southwestern Insurance Group
2026-05-26 14:00:14,358 🔮 Guessed: info@insuringyouforless.com — Tennessee Auto Insurance Agency
2026-05-26 14:00:15,176 🔮 Guessed: info@agents.allstate.com — Nashville Insurance Group, Inc.: Allstate Insurance
2026-05-26 14:00:16,028 ✅ Hunter found: bobby@btjinsurance.com (score: 91) — BTJ Insurance Inc
2026-05-26 14:00:17,037 ✅ Hunter found: fmedina@fiestainsurance.com (score: 92) — Fiesta Auto Insurance & Tax Service
2026-05-26 14:00:17,864 🔮 Guessed: info@choicetn.com — Choice Insurance Agency LLC
2026-05-26 14:00:18,762 🔮 Guessed: info@insuringyouforless.com — Tennessee Auto Insurance Agency
2026-05-26 14:00:19,618 ✅ Hunter found: will@tuckertn.com (score: 90) — Tucker Agency, LLC
2026-05-26 14:00:20,594 ✅ Hunter found: josh@hqinsurance.com (score: 95) — HQ Insurance
2026-05-26 14:00:21,609 ✅ Hunter found: jdeyo@zanderins.com (score: 98) — Zander Insurance
2026-05-26 14:00:22,357 🔮 Guessed: info@nashvilleinsuranceservices.com — Nashville Insurance Services
2026-05-26 14:00:23,114 🔮 Guessed: info@locations.acceptance.com — Acceptance Insurance
2026-05-26 14:00:23,969 🔮 Guessed: info@insuringyouforless.com — Tennessee Auto Insurance Agency
2026-05-26 14:00:24,790 ✅ Hunter found: preston@heylockeland.com (score: 99) — Lockeland Insurance Advisors
2026-05-26 14:00:25,655 ✅ Hunter found: a.delgado@myproseguros.com (score: 94) — Proseguros Insurance & Ayuda Latina - Nashville
2026-05-26 14:00:26,844 ✅ Hunter found: chris@millsinsuranceagency.com (score: 86) — Mills Insurance Agency
2026-05-26 14:00:27,698 🔮 Guessed: info@ssins.net — S&S Insurance Agency
2026-05-26 14:00:28,691 ✅ Hunter found: kevin@haleinsurance.com (score: 99) — Hale Insurance
2026-05-26 14:00:29,585 🔮 Guessed: info@greaternashvilleinsurance.com — Greater Nashville Insurance
2026-05-26 14:00:31,380 ✅ Hunter found: jpalmer@geico.com (score: 85) — Holly Geronzin - GEICO Insurance Agent
2026-05-26 14:00:32,291 ✅ Hunter found: jason@tuckerinsurance.com (score: 94) — Tucker Insurance
2026-05-26 14:00:33,116 🔮 Guessed: info@jeffsummersinsurance.com — Jeff Summers - State Farm Insurance Agent
2026-05-26 14:00:33,949 🔮 Guessed: info@eastinsurance.net — East Insurance LLC
2026-05-26 14:00:34,456 
==================================================
2026-05-26 14:00:34,456 ✅ Email finder complete
2026-05-26 14:00:34,457    API found:  14
2026-05-26 14:00:34,457    Guessed:    14
2026-05-26 14:00:34,457    Total:      28
2026-05-26 14:00:34,457 ==================================================

