2026-05-27 14:00:07,316 🔍 Finding emails for 50 leads...
2026-05-27 14:00:08,039 🔮 Guessed: info@themanningagency.com — The Manning Agency, LLC
2026-05-27 14:00:09,169 🔮 Guessed: info@agency.nationwide.com — Nationwide Insurance: Gaffney Insurance Agency & Financial Services LLC
2026-05-27 14:00:10,163 🔮 Guessed: info@ericjansinsurance.com — Eric Jans Insurance Agency
2026-05-27 14:00:16,417 ✅ Hunter found: psteele@mzinsurance.com (score: 97) — Martin & Zerfoss, Inc.
2026-05-27 14:00:17,307 🔮 Guessed: info@local.directauto.com — Direct Auto Insurance
2026-05-27 14:00:18,211 ✅ Hunter found: childreth@hildrethinsurance.com (score: 91) — Craig Hildreth Insurance Agency
2026-05-27 14:00:18,968 🔮 Guessed: info@nashvillehealthinsuranceagent.com — Nashville Premier Health Insurance
2026-05-27 14:00:19,727 🔮 Guessed: info@insurancenash.net — Trondson Agency Inc.
2026-05-27 14:00:20,667 ✅ Hunter found: janice_tighe@progressive.com (score: 94) — Progressive Insurance - Claims Office
2026-05-27 14:00:21,504 ✅ Hunter found: chad@thirddoorinsurance.com (score: 98) — Third Door Insurance LLC
2026-05-27 14:00:22,247 🔮 Guessed: info@local.directauto.com — Direct Auto Insurance
2026-05-27 14:00:23,076 🔮 Guessed: info@local.directauto.com — Direct Auto Insurance
2026-05-27 14:00:23,901 🔮 Guessed: info@langerinsurance.com — Langer Insurance Agency
2026-05-27 14:00:24,723 🔮 Guessed: info@local.directauto.com — Direct Auto Insurance
2026-05-27 14:00:25,712 🔮 Guessed: info@allianceinsuranceagencytn.com — Alliance Insurance Agency
2026-05-27 14:00:26,518 🔮 Guessed: info@wilshireinsure.com — Wilshire Insurance Group
2026-05-27 14:00:27,526 ✅ Hunter found: terry@terrywjones.net (score: 91) — Terry W Jones - State Farm Insurance
2026-05-27 14:00:28,327 ✅ Hunter found: don@insuranceprofessionalstn.com (score: 94) — Insurance Professionals of TN, LLC
2026-05-27 14:00:29,374 ✅ Hunter found: raul@getamericasinsurance.com (score: 10) — Americas Insurance
2026-05-27 14:00:30,149 🔮 Guessed: info@agents.allstate.com — Stephon Fleming: Allstate Insurance
2026-05-27 14:00:31,018 🔮 Guessed: info@neo-nails.com — Neo Nails
2026-05-27 14:00:31,771 🔮 Guessed: info@inailspamiamibeach.com — Inail Spa
2026-05-27 14:00:32,525 🔮 Guessed: info@sobenailspamiamibeach.com — Sobe Nails & Spa
2026-05-27 14:00:33,371 🔮 Guessed: info@auroranailsbar.com — Aurora Nails Bar
2026-05-27 14:00:34,150 🔮 Guessed: info@neznailmiami.com — Nez Nail Miami
2026-05-27 14:00:34,881 🔮 Guessed: info@myagnesapp.com — Amalfi Nail Salón
2026-05-27 14:00:35,634 🔮 Guessed: info@cultnailstudio.miami — Cult Nail studio
2026-05-27 14:00:36,461 🔮 Guessed: info@miami-nails-atelier.square.site — Miami Nails Atelier
2026-05-27 14:00:36,968 
==================================================
2026-05-27 14:00:36,969 ✅ Email finder complete
2026-05-27 14:00:36,969    API found:  7
2026-05-27 14:00:36,969    Guessed:    21
2026-05-27 14:00:36,969    Total:      28
2026-05-27 14:00:36,969 ==================================================

