2026-05-29 14:00:06,934 🔍 Finding emails for 50 leads...
2026-05-29 14:00:07,654 🔮 Guessed: info@westmiaminailsalon.com — Fancy Nail Boutique and Spa
2026-05-29 14:00:08,997 🔮 Guessed: info@midasnailz.square.site — Midas Nails
2026-05-29 14:00:10,014 🔮 Guessed: info@onelnyc.com — One L Professional
2026-05-29 14:00:11,827 🔮 Guessed: info@thepinkroombeauty.com — The Pink Room Beauty Spa
2026-05-29 14:00:12,642 🔮 Guessed: info@glammedbychazzy.com — Glammed By Chazzy | Nails Miami
2026-05-29 14:00:13,517 🔮 Guessed: info@manistudiomiami.com — Mani Studio
2026-05-29 14:00:14,312 🔮 Guessed: info@rosenailloungemiami.com — Rosé Nail Lounge
2026-05-29 14:00:16,946 ✅ Hunter found: bardia.ketabi@fourseasons.com (score: 99) — The Spa at Four Seasons Atlanta
2026-05-29 14:00:19,555 ✅ Hunter found: beverly.union@marriott.com (score: 85) — The St. Regis Atlanta Spa
2026-05-29 14:00:21,005 🔮 Guessed: info@buckheadgrandspa.com — Buckhead Grand Spa
2026-05-29 14:00:21,788 🔮 Guessed: info@buckhead.woodhousespas.com — Woodhouse Spa - Buckhead
2026-05-29 14:00:23,347 ✅ Hunter found: mariana.steetle@hilton.com (score: 85) — Waldorf Astoria Spa Atlanta Buckhead
2026-05-29 14:00:24,223 ✅ Hunter found: rhonda.perry@naturalbody.com (score: 93) — Natural Body Spa + Med Spa | Morningside
2026-05-29 14:00:24,992 🔮 Guessed: info@dunwoody.woodhousespas.com — Woodhouse Spa - Dunwoody
2026-05-29 14:00:25,852 🔮 Guessed: info@thewellnessspotatl.com — The Wellness Spot
2026-05-29 14:00:26,906 🔮 Guessed: info@boutiquedayspa.com — Boutique Day Spa
2026-05-29 14:00:27,957 ✅ Hunter found: rhonda.perry@naturalbody.com (score: 93) — Natural Body Spa + Med Spa | Brookhaven
2026-05-29 14:00:29,047 ✅ Hunter found: victoria.casillas@exhalespa.com (score: 98) — exhale Spa
2026-05-29 14:00:30,133 ✅ Hunter found: mariana.steetle@hilton.com (score: 85) — Spa Signia Atlanta
2026-05-29 14:00:30,926 🔮 Guessed: info@massageetoile.com — Massage Etoile - Howell Mill Road
2026-05-29 14:00:31,776 ✅ Hunter found: andrews@thenowmassage.com (score: 94) — The NOW Massage Atlanta West Midtown
2026-05-29 14:00:32,526 🔮 Guessed: info@sereneoasisdayspa.com — Serene + Oasis Day Spa & Waxing Studio
2026-05-29 14:00:33,424 ✅ Hunter found: paris@indigowellnessatl.com (score: 99) — Indigo Wellness
2026-05-29 14:00:34,208 🔮 Guessed: info@lumivita.com — LumiVita Buckhead
2026-05-29 14:00:34,977 🔮 Guessed: info@theidealspa.biz — The Ideal Spa
2026-05-29 14:00:35,868 ✅ Hunter found: beverly.union@marriott.com (score: 85) — The Spa
2026-05-29 14:00:36,374 
==================================================
2026-05-29 14:00:36,375 ✅ Email finder complete
2026-05-29 14:00:36,375    API found:  10
2026-05-29 14:00:36,375    Guessed:    16
2026-05-29 14:00:36,375    Total:      26
2026-05-29 14:00:36,375 ==================================================

