2026-05-25 14:00:06,628 🔍 Finding emails for 50 leads...
2026-05-25 14:00:07,307 🔮 Guessed: info@tattoshopsnearme.com — Delta 9 Tattoo Co
2026-05-25 14:00:08,370 🔮 Guessed: info@themandalaeffect.my.canva.site — The Mandala Effect
2026-05-25 14:00:09,546 🔮 Guessed: info@seattlegreenmaids.com — Maid Service Seattle
2026-05-25 14:00:10,613 🔮 Guessed: info@thacleaning.com — THA House Cleaning Seattle
2026-05-25 14:00:11,807 ✅ Hunter found: kara@susansgreencleaning.com (score: 99) — Susan's Green Cleaning
2026-05-25 14:00:12,726 ✅ Hunter found: logan@dazzlecompany.com (score: 98) — The Dazzle Cleaning Company
2026-05-25 14:00:13,556 🔮 Guessed: info@ladonnascleaningseattle.com — Ladonna's Cleaning Service
2026-05-25 14:00:14,298 🔮 Guessed: info@seattlesimplyclean.com — Simply Clean
2026-05-25 14:00:15,189 ✅ Hunter found: walber@queenannecleaning.com (score: 66) — Queen Anne Cleaning Services
2026-05-25 14:00:15,976 ✅ Hunter found: logan@dazzlecompany.com (score: 98) — The Dazzle Cleaning Company
2026-05-25 14:00:16,811 ✅ Hunter found: april@aprillanescleaning.com (score: 68) — April Lane's Home Cleaning
2026-05-25 14:00:17,618 ✅ Hunter found: donte@hometress.com (score: 99) — Hometress Cleaning Service LLC
2026-05-25 14:00:18,515 🔮 Guessed: info@cleanupguys.com — The Cleanup Guys
2026-05-25 14:00:19,275 🔮 Guessed: info@greencleaningseattle.com — Green Cleaning Seattle - Otium-Maid Services
2026-05-25 14:00:20,045 🔮 Guessed: info@meekascleaningservicesllc.com — Meekas cleaning services llc
2026-05-25 14:00:20,840 🔮 Guessed: info@seattlesimplyclean.com — Simply Clean
2026-05-25 14:00:21,611 🔮 Guessed: info@cleaning-wa.com — A&K House Cleaning
2026-05-25 14:00:22,451 🔮 Guessed: info@seattlecarpetcleaners.com — Power Pup Clean
2026-05-25 14:00:23,305 🔮 Guessed: info@cleaninginseattlevladiolga.com — Vladimir & Olga Cleaning Service
2026-05-25 14:00:24,178 🔮 Guessed: info@magicmaid.cleaning — Magic Maid | House Cleaning Services
2026-05-25 14:00:25,102 🔮 Guessed: info@magicleanseattle.com — MagiClean Cleaning Services
2026-05-25 14:00:25,862 🔮 Guessed: info@crystalpanes.com — Crystal Panes Window and Gutter Cleaning
2026-05-25 14:00:26,706 🔮 Guessed: info@keliancleaningwa.com — Kelian - Cleaning Services
2026-05-25 14:00:27,523 🔮 Guessed: info@seattlehousecleaners.com — Seattle House Cleaners
2026-05-25 14:00:28,302 🔮 Guessed: info@westseattlewindowcleaner.com — Seattle Window Cleaners
2026-05-25 14:00:29,146 🔮 Guessed: info@cosmos-cleaning.com — Cosmos Cleaning
2026-05-25 14:00:29,972 🔮 Guessed: info@shineseattle.com — Shine Seattle LLC - Airbnb Cleaning and House Cleaning
2026-05-25 14:00:30,729 🔮 Guessed: info@locations.acceptance.com — Acceptance Insurance
2026-05-25 14:00:31,238 
==================================================
2026-05-25 14:00:31,238 ✅ Email finder complete
2026-05-25 14:00:31,238    API found:  6
2026-05-25 14:00:31,238    Guessed:    22
2026-05-25 14:00:31,238    Total:      28
2026-05-25 14:00:31,238 ==================================================

