2026-05-28 14:00:07,127 🔍 Finding emails for 50 leads...
2026-05-28 14:00:08,244 🔮 Guessed: info@venetiansalon.com — Venetian Nail Spa
2026-05-28 14:00:09,230 🔮 Guessed: info@omninailsmiami.com — Omni Nails and Lash Lounge
2026-05-28 14:00:10,296 🔮 Guessed: info@nailboxmiami.com — NailBox Miami
2026-05-28 14:00:11,066 🔮 Guessed: info@biscaynenailandbeautybar.com — Biscayne Nail and Beauty Bar
2026-05-28 14:00:11,828 🔮 Guessed: info@dabeautybars.com — DA Beauty Bar
2026-05-28 14:00:12,699 🔮 Guessed: info@mysite.vagaro.com — TINA BEAUTY MIAMI LLC
2026-05-28 14:00:13,598 🔮 Guessed: info@ostentabeautyconcept.com — Ostenta Beauty Concept Edgewater - Nails, Lashes & Facials
2026-05-28 14:00:14,444 🔮 Guessed: info@n1220447.alteg.io — LUV BEAUTY CLUB
2026-05-28 14:00:15,179 🔮 Guessed: info@skynailsofsouthbeach.com — Sky Nails & Spa of South Beach
2026-05-28 14:00:15,969 🔮 Guessed: info@miranailbarsalon.com — Mira Nail Bar
2026-05-28 14:00:17,292 ✅ Hunter found: neal@beacons.ai (score: 96) — Joka Studio
2026-05-28 14:00:18,034 🔮 Guessed: info@theglowgloss.com — The Glow Gloss
2026-05-28 14:00:18,863 🔮 Guessed: info@nailspamiamiwellnesscenter.zoca.com — NailSpa Miami Wellness Center (All Nails, Lashes, Facials, HeadSpa, Body Waxing, Hair, Stem Cell & More.)
2026-05-28 14:00:19,689 🔮 Guessed: info@tinanailsmiami.net — TINA NAILS
2026-05-28 14:00:20,438 🔮 Guessed: info@gnailbarmiami.com — G-Nail Bar
2026-05-28 14:00:21,222 🔮 Guessed: info@book.heygoldie.com — Sin nails no hay paraíso
2026-05-28 14:00:21,991 🔮 Guessed: info@nailsandcobeauty.com — Salon Nails & Co. Miami Midtown
2026-05-28 14:00:22,741 🔮 Guessed: info@nynailsglam.com — NEW YORK NAILS GLAM II
2026-05-28 14:00:23,588 🔮 Guessed: info@cecispahairandnails.com — Ceci Spa Hair Nails River Landing
2026-05-28 14:00:24,430 🔮 Guessed: info@nailculturewynwood.com — Nail Culture Wynwood
2026-05-28 14:00:25,303 🔮 Guessed: info@jcspanailsmiami.com — J C Nails (J C Spa Nails)
2026-05-28 14:00:26,043 🔮 Guessed: info@surynailart.com — Sury Nail Art
2026-05-28 14:00:27,043 ✅ Hunter found: alex.vlad@fresha.com (score: 94) — Miami Nail Artist
2026-05-28 14:00:27,794 🔮 Guessed: info@amandisnailspa.com — Amandis Nail Spa
2026-05-28 14:00:28,540 🔮 Guessed: info@nailsco.salonist.io — Nails & Co.
2026-05-28 14:00:29,333 🔮 Guessed: info@powderroombeauty.square.site — The Powder Room Beauty Salon
2026-05-28 14:00:30,094 🔮 Guessed: info@irissthetics.square.site — IRISSTHETICS
2026-05-28 14:00:30,600 
==================================================
2026-05-28 14:00:30,601 ✅ Email finder complete
2026-05-28 14:00:30,601    API found:  2
2026-05-28 14:00:30,601    Guessed:    25
2026-05-28 14:00:30,601    Total:      27
2026-05-28 14:00:30,601 ==================================================

