2026-06-03 14:00:06,710 🔍 Finding emails for 47 leads...
2026-06-03 14:00:07,279 Hunter.io rate limited — pausing 60s
2026-06-03 14:01:07,657 🔮 Guessed: info@essence-medspa.com — Essence Medspa & Wellness Center
2026-06-03 14:01:08,533 Hunter.io rate limited — pausing 60s
2026-06-03 14:02:08,851 🔮 Guessed: info@theonespachicago.com — The One Spa Chicago
2026-06-03 14:02:09,569 Hunter.io rate limited — pausing 60s
2026-06-03 14:03:09,901 🔮 Guessed: info@lume-wellness.com — Lume
2026-06-03 14:03:10,813 Hunter.io rate limited — pausing 60s
2026-06-03 14:04:11,042 🔮 Guessed: info@luxuramedspa.com — Luxura Med Spa Lakeview
2026-06-03 14:04:11,918 Hunter.io rate limited — pausing 60s
2026-06-03 14:05:12,285 🔮 Guessed: info@shotbar.net — Shot Bar MedSpa
2026-06-03 14:05:13,160 Hunter.io rate limited — pausing 60s
2026-06-03 14:06:13,563 🔮 Guessed: info@elitechicagospa.com — Elite Chicago Spa
2026-06-03 14:06:14,277 Hunter.io rate limited — pausing 60s
2026-06-03 14:07:14,639 🔮 Guessed: info@thefitzmed.com — The Fitz Aesthetic Club
2026-06-03 14:07:15,543 Hunter.io rate limited — pausing 60s
2026-06-03 14:08:15,900 🔮 Guessed: info@house22.com — HOUSE22 Med Spa in Chicago
2026-06-03 14:08:16,622 Hunter.io rate limited — pausing 60s
2026-06-03 14:09:16,999 🔮 Guessed: info@ethosmedicalspa.com — Ethos MedSpa Chicago
2026-06-03 14:09:17,859 Hunter.io rate limited — pausing 60s
2026-06-03 14:10:18,206 🔮 Guessed: info@elase.com — Elase Med Spa
2026-06-03 14:10:18,952 Hunter.io rate limited — pausing 60s
2026-06-03 14:11:19,350 🔮 Guessed: info@beautifychi.com — Beautify CHI Medspa
2026-06-03 14:11:20,211 Hunter.io rate limited — pausing 60s
2026-06-03 14:12:20,595 🔮 Guessed: info@premiermedspachicago.com — Premier Med Spa
2026-06-03 14:12:21,463 Hunter.io rate limited — pausing 60s
2026-06-03 14:13:21,984 🔮 Guessed: info@opulencechicago.com — Opulence Chicago
2026-06-03 14:13:22,945 Hunter.io rate limited — pausing 60s
2026-06-03 14:14:23,285 🔮 Guessed: info@soluxmedspa.com — SOLUX Med Spa
2026-06-03 14:14:23,982 Hunter.io rate limited — pausing 60s
2026-06-03 14:15:24,328 🔮 Guessed: info@vitahlchicago.com — VITAHL Medical Aesthetics
2026-06-03 14:15:25,045 Hunter.io rate limited — pausing 60s
2026-06-03 14:16:25,411 🔮 Guessed: info@aesthetica-med.com — Aesthetica by Dr. Adam
2026-06-03 14:16:26,248 Hunter.io rate limited — pausing 60s
2026-06-03 14:17:26,743 🔮 Guessed: info@chicagomedspa.com — Chicago Medspa
2026-06-03 14:17:27,597 Hunter.io rate limited — pausing 60s
2026-06-03 14:18:27,976 🔮 Guessed: info@northwesternmedspa.com — Northwestern Med Spa
2026-06-03 14:18:28,673 Hunter.io rate limited — pausing 60s
2026-06-03 14:19:29,007 🔮 Guessed: info@demimedspa.com — DEMI Med Spa
2026-06-03 14:19:29,842 Hunter.io rate limited — pausing 60s
2026-06-03 14:20:30,421 🔮 Guessed: info@rnmedspa.com — River North Wellness and Med Spa
2026-06-03 14:20:31,146 Hunter.io rate limited — pausing 60s
2026-06-03 14:21:31,616 🔮 Guessed: info@optimal-wellness-beauty.com — Optimal Wellness & Beauty
2026-06-03 14:21:32,450 Hunter.io rate limited — pausing 60s
2026-06-03 14:22:32,824 🔮 Guessed: info@newimageworks.com — New Image Works
2026-06-03 14:22:33,730 Hunter.io rate limited — pausing 60s
2026-06-03 14:23:34,117 🔮 Guessed: info@solvemedspa.com — Solve Med Spa Chicago
2026-06-03 14:23:34,622 
==================================================
2026-06-03 14:23:34,622 ✅ Email finder complete
2026-06-03 14:23:34,622    API found:  0
2026-06-03 14:23:34,622    Guessed:    23
2026-06-03 14:23:34,622    Total:      23
2026-06-03 14:23:34,623 ==================================================

